1.8 7:1#mA
1.8 7:1#mB
0.1 #mC
1.8 7:1#mD
0.1 #mE
0.1 #mF
1.8 #mG
