molID,yValue,d7
mA,1.8,1.000000
mB,1.8,1.000000
mC,0.1,0.000000
mD,1.8,1.000000
mE,0.1,0.000000
mF,0.1,0.000000
mG,1.8,0.000000
