0 101:1 103:1 #toy.ID.2
1 101:1 102:1 #toy.ID.4
1 101:1 103:1 #toy.ID.7
