0 101:1 103:1 #toy.ID.2
0 101:1 103:1 #toy.ID.5
1 101:1 102:1 #toy.ID.1
