1 101:1 103:1 #toy.ID.7
0 101:1 103:1 #toy.ID.5
0 101:1 103:1 #toy.ID.2
