1 101:1 102:1 #toy.ID.1
1 101:1 103:1 #toy.ID.3
1 101:1 102:1 #toy.ID.4
