7.9 101:1 103:1 #toy.ID.3
5.8 101:1 103:1 #toy.ID.5
3.3 101:1 102:1 #toy.ID.1
