3.3 101:1 102:1 #toy.ID.1
7.9 101:1 103:1 #toy.ID.3
3.1 101:1 102:1 #toy.ID.4
