6.5 101:1 103:1 #toy.ID.7
3.1 101:1 102:1 #toy.ID.4
7.9 101:1 103:1 #toy.ID.3
