3.2 101:1 103:1 #toy.ID.2
5.8 101:1 103:1 #toy.ID.5
3.3 101:1 102:1 #toy.ID.1
