3.2 101:1 103:1 #toy.ID.2
3.1 101:1 102:1 #toy.ID.4
6.5 101:1 103:1 #toy.ID.7
