0 102:1#toy.ID.2
0 102:1#toy.ID.-2
1 102:1#toy.ID.4
1 102:1#toy.ID.7
1 #toy.ID.8
